// Jest Snapshot v1, https://goo.gl/fbAQLP

exports[`Test for Modal Component should render Modal 1`] = `
<div>
  <div
    class="sc-AxjAm kmDrFA"
  >
    <div
      class="sc-AxirZ fJsPLG"
    >
      <h2
        style="text-align: center; font-weight: bold; margin: 2px;"
      />
      <div
        class="sc-AxiKw kDiFMt"
      >
        X
      </div>
    </div>
  </div>
</div>
`;
