// Jest Snapshot v1, https://goo.gl/fbAQLP

exports[`Test for Button Component should render Button  dark theme 1`] = `
<div>
  <button
    class="sc-AxirZ bVUxGo"
    type="submit"
  />
</div>
`;

exports[`Test for Button Component should render Button  default theme 1`] = `
<div>
  <button
    class="sc-AxirZ bVUxGo"
    type="submit"
  />
</div>
`;

exports[`Test for Button Component should render Button  success theme 1`] = `
<div>
  <button
    class="sc-AxirZ bVUxGo"
    type="submit"
  />
</div>
`;

exports[`Test for Button Component should render Button  warning theme 1`] = `
<div>
  <button
    class="sc-AxirZ bVUxGo"
    type="submit"
  />
</div>
`;

exports[`Test for Button Component should render Button 1`] = `
<div>
  <button
    class="sc-AxirZ bVUxGo"
    type="submit"
  />
</div>
`;

exports[`Test for Button Component should render Button 2`] = `
<div>
  <button
    class="sc-AxirZ bVUxGo"
    type="submit"
  />
</div>
`;

exports[`Test for Button Component should render Button 3`] = `
<div>
  <button
    class="sc-AxirZ bVUxGo"
    type="submit"
  />
</div>
`;

exports[`Test for Button Component should render Button 4`] = `
<div>
  <button
    class="sc-AxirZ bVUxGo"
    type="submit"
  />
</div>
`;

exports[`Test for Button Component should render Button with dark  1`] = `
<div>
  <button
    class="sc-AxirZ bVUxGo"
    type="submit"
  />
</div>
`;

exports[`Test for Button Component should render Button with dark theme 1`] = `
<div>
  <button
    class="sc-AxirZ bVUxGo"
    type="submit"
  />
</div>
`;
