// Jest Snapshot v1, https://goo.gl/fbAQLP

exports[`Test for Content Component should render Content 1`] = `
<div>
  <div
    class="sc-AxjAm hiZnOP"
  >
    <h1
      class="title-page"
    />
  </div>
</div>
`;

exports[`Test for Section Component should render Section 1`] = `
<div>
  <div
    class="sc-AxjAm hiZnOP"
  >
    <h1
      class="title-page"
    />
  </div>
</div>
`;
